"blank"         "=========================="
"blank"         "VOCALIZER MENÚS RADIALES"
"blank"         "=========================="
"+mouse_menu Characters"	"Selección de personajes"
"+mouse_menu Orders"		"Ordenes"
"+mouse_menu QA"		"Preguntas y respuestas"
"+mouse_menu Reactions"		"Reacciones"
"+mouse_menu Enemies"		"Enemigos"
"+mouse_menu Warnings"		"Advertencias"
"+mouse_menu Events"		"Eventos"
"+mouse_menu Misc"		"Varios 1"
"+mouse_menu Misc2"		"Varios 2"
"+mouse_menu Misc3"		"Varios 3"
"+ch1; alias -ch1 -mouse_menu"	"Opción de personaje 1"
"+ch2; alias -ch2 -mouse_menu"	"Opción de personaje 2"
"+ch3; alias -ch3 -mouse_menu"	"Opción de personaje 3"
"+ch4; alias -ch4 -mouse_menu"	"Opción de personaje 4"
"+ch5; alias -ch5 -mouse_menu"	"Opción de personaje 5"
"+ch6; alias -ch6 -mouse_menu"	"Opción de personaje 6"
"+ch7; alias -ch7 -mouse_menu"	"Opción de personaje 7"
"+ch8; alias -ch8 -mouse_menu"	"Opción de personaje 8 (uso limitado)"
"+ch9; alias -ch9 -mouse_menu"	"Opción de personaje 9 (uso limitado)"
"+mouse_menu Misc4"		"Varios 4 (uso limitado)"
"+mouse_menu Misc5"		"Varios 5 (uso limitado)"
"+mouse_menu Misc6"		"Varios 6 (uso limitado)"
"+mouse_menu NPC"		"NPCs (uso limitado)"